  Identification des projets à restaurer...
  Tous les projets sont à jour pour la restauration.
D:\C#\application-Livraison\Migrations\20250513140250_notif.cs(8,26): warning CS8981: Le nom de type 'notif' contient uniquement des caractères ascii en minuscules. De tels noms peuvent devenir réservés pour la langue. [D:\C#\application-Livraison\application-Livraison.csproj]
D:\C#\application-Livraison\Migrations\20250513140250_notif.Designer.cs(16,19): warning CS8981: Le nom de type 'notif' contient uniquement des caractères ascii en minuscules. De tels noms peuvent devenir réservés pour la langue. [D:\C#\application-Livraison\application-Livraison.csproj]
D:\C#\application-Livraison\CustomAssemblyLoadContext.cs(19,16): warning CS8603: Existence possible d'un retour de référence null. [D:\C#\application-Livraison\application-Livraison.csproj]
D:\C#\application-Livraison\Models\Notification.cs(16,17): warning CS8618: Le propriété « Chauffeur » non-nullable doit contenir une valeur autre que Null lors de la fermeture du constructeur. Envisagez d’ajouter le modificateur « required » ou de déclarer le propriété comme pouvant accepter la valeur Null. [D:\C#\application-Livraison\application-Livraison.csproj]
D:\C#\application-Livraison\Controllers\UserController.cs(229,23): warning CS8618: Le propriété « Nom » non-nullable doit contenir une valeur autre que Null lors de la fermeture du constructeur. Envisagez d’ajouter le modificateur « required » ou de déclarer le propriété comme pouvant accepter la valeur Null. [D:\C#\application-Livraison\application-Livraison.csproj]
D:\C#\application-Livraison\Controllers\UserController.cs(230,23): warning CS8618: Le propriété « Email » non-nullable doit contenir une valeur autre que Null lors de la fermeture du constructeur. Envisagez d’ajouter le modificateur « required » ou de déclarer le propriété comme pouvant accepter la valeur Null. [D:\C#\application-Livraison\application-Livraison.csproj]
D:\C#\application-Livraison\Controllers\UserController.cs(231,23): warning CS8618: Le propriété « MotDePasse » non-nullable doit contenir une valeur autre que Null lors de la fermeture du constructeur. Envisagez d’ajouter le modificateur « required » ou de déclarer le propriété comme pouvant accepter la valeur Null. [D:\C#\application-Livraison\application-Livraison.csproj]
D:\C#\application-Livraison\Controllers\UserController.cs(233,23): warning CS8618: Le propriété « Role » non-nullable doit contenir une valeur autre que Null lors de la fermeture du constructeur. Envisagez d’ajouter le modificateur « required » ou de déclarer le propriété comme pouvant accepter la valeur Null. [D:\C#\application-Livraison\application-Livraison.csproj]
D:\C#\application-Livraison\Data\ApplicationDbContext.cs(8,16): warning CS8618: Le propriété « Users » non-nullable doit contenir une valeur autre que Null lors de la fermeture du constructeur. Envisagez d’ajouter le modificateur « required » ou de déclarer le propriété comme pouvant accepter la valeur Null. [D:\C#\application-Livraison\application-Livraison.csproj]
D:\C#\application-Livraison\Controllers\UserController.cs(32,50): warning CS8601: Existence possible d'une assignation de référence null. [D:\C#\application-Livraison\application-Livraison.csproj]
D:\C#\application-Livraison\Controllers\UserController.cs(33,52): warning CS8601: Existence possible d'une assignation de référence null. [D:\C#\application-Livraison\application-Livraison.csproj]
D:\C#\application-Livraison\Controllers\UserController.cs(34,51): warning CS8601: Existence possible d'une assignation de référence null. [D:\C#\application-Livraison\application-Livraison.csproj]
D:\C#\application-Livraison\Controllers\AuthController.cs(51,71): warning CS8604: Existence possible d'un argument de référence null pour le paramètre 's' dans 'byte[] Encoding.GetBytes(string s)'. [D:\C#\application-Livraison\application-Livraison.csproj]
D:\C#\application-Livraison\Controllers\FactureController.cs(19,16): warning CS8618: Le champ « facture » non-nullable doit contenir une valeur autre que Null lors de la fermeture du constructeur. Envisagez d’ajouter le modificateur « required » ou de déclarer le champ comme pouvant accepter la valeur Null. [D:\C#\application-Livraison\application-Livraison.csproj]
D:\C#\application-Livraison\Helpers\CustomAssemblyLoadContext.cs(20,20): warning CS8603: Existence possible d'un retour de référence null. [D:\C#\application-Livraison\application-Livraison.csproj]
D:\C#\application-Livraison\Controllers\UserController.cs(50,48): warning CS8601: Existence possible d'une assignation de référence null. [D:\C#\application-Livraison\application-Livraison.csproj]
D:\C#\application-Livraison\Controllers\UserController.cs(51,50): warning CS8601: Existence possible d'une assignation de référence null. [D:\C#\application-Livraison\application-Livraison.csproj]
D:\C#\application-Livraison\Controllers\UserController.cs(52,49): warning CS8601: Existence possible d'une assignation de référence null. [D:\C#\application-Livraison\application-Livraison.csproj]
D:\C#\application-Livraison\Program.cs(48,80): warning CS8604: Existence possible d'un argument de référence null pour le paramètre 's' dans 'byte[] Encoding.GetBytes(string s)'. [D:\C#\application-Livraison\application-Livraison.csproj]
D:\C#\application-Livraison\Models\User.cs(16,23): warning CS8618: Le propriété « MotDePasse » non-nullable doit contenir une valeur autre que Null lors de la fermeture du constructeur. Envisagez d’ajouter le modificateur « required » ou de déclarer le propriété comme pouvant accepter la valeur Null. [D:\C#\application-Livraison\application-Livraison.csproj]
D:\C#\application-Livraison\Models\Livraison.cs(7,23): warning CS8618: Le propriété « Client » non-nullable doit contenir une valeur autre que Null lors de la fermeture du constructeur. Envisagez d’ajouter le modificateur « required » ou de déclarer le propriété comme pouvant accepter la valeur Null. [D:\C#\application-Livraison\application-Livraison.csproj]
D:\C#\application-Livraison\Models\Livraison.cs(8,23): warning CS8618: Le propriété « AdresseLivraison » non-nullable doit contenir une valeur autre que Null lors de la fermeture du constructeur. Envisagez d’ajouter le modificateur « required » ou de déclarer le propriété comme pouvant accepter la valeur Null. [D:\C#\application-Livraison\application-Livraison.csproj]
D:\C#\application-Livraison\Models\Livraison.cs(9,23): warning CS8618: Le propriété « produit » non-nullable doit contenir une valeur autre que Null lors de la fermeture du constructeur. Envisagez d’ajouter le modificateur « required » ou de déclarer le propriété comme pouvant accepter la valeur Null. [D:\C#\application-Livraison\application-Livraison.csproj]
D:\C#\application-Livraison\Models\Livraison.cs(10,23): warning CS8618: Le propriété « Statut » non-nullable doit contenir une valeur autre que Null lors de la fermeture du constructeur. Envisagez d’ajouter le modificateur « required » ou de déclarer le propriété comme pouvant accepter la valeur Null. [D:\C#\application-Livraison\application-Livraison.csproj]
D:\C#\application-Livraison\Models\Livraison.cs(15,21): warning CS8618: Le propriété « Admin » non-nullable doit contenir une valeur autre que Null lors de la fermeture du constructeur. Envisagez d’ajouter le modificateur « required » ou de déclarer le propriété comme pouvant accepter la valeur Null. [D:\C#\application-Livraison\application-Livraison.csproj]
D:\C#\application-Livraison\Models\Livraison.cs(19,21): warning CS8618: Le propriété « Chauffeur » non-nullable doit contenir une valeur autre que Null lors de la fermeture du constructeur. Envisagez d’ajouter le modificateur « required » ou de déclarer le propriété comme pouvant accepter la valeur Null. [D:\C#\application-Livraison\application-Livraison.csproj]
D:\C#\application-Livraison\Models\Livraison.cs(22,27): warning CS8618: Le propriété « Itineraire » non-nullable doit contenir une valeur autre que Null lors de la fermeture du constructeur. Envisagez d’ajouter le modificateur « required » ou de déclarer le propriété comme pouvant accepter la valeur Null. [D:\C#\application-Livraison\application-Livraison.csproj]
D:\C#\application-Livraison\Models\Livraison.cs(23,24): warning CS8618: Le propriété « Facture » non-nullable doit contenir une valeur autre que Null lors de la fermeture du constructeur. Envisagez d’ajouter le modificateur « required » ou de déclarer le propriété comme pouvant accepter la valeur Null. [D:\C#\application-Livraison\application-Livraison.csproj]
D:\C#\application-Livraison\Models\Itineraire.cs(6,29): warning CS8618: Le propriété « PointsDePassage » non-nullable doit contenir une valeur autre que Null lors de la fermeture du constructeur. Envisagez d’ajouter le modificateur « required » ou de déclarer le propriété comme pouvant accepter la valeur Null. [D:\C#\application-Livraison\application-Livraison.csproj]
D:\C#\application-Livraison\Models\Itineraire.cs(13,26): warning CS8618: Le propriété « Livraison » non-nullable doit contenir une valeur autre que Null lors de la fermeture du constructeur. Envisagez d’ajouter le modificateur « required » ou de déclarer le propriété comme pouvant accepter la valeur Null. [D:\C#\application-Livraison\application-Livraison.csproj]
D:\C#\application-Livraison\Controllers\UserController.cs(85,23): warning CS8601: Existence possible d'une assignation de référence null. [D:\C#\application-Livraison\application-Livraison.csproj]
D:\C#\application-Livraison\Controllers\UserController.cs(86,25): warning CS8601: Existence possible d'une assignation de référence null. [D:\C#\application-Livraison\application-Livraison.csproj]
D:\C#\application-Livraison\Controllers\UserController.cs(89,24): warning CS8601: Existence possible d'une assignation de référence null. [D:\C#\application-Livraison\application-Livraison.csproj]
D:\C#\application-Livraison\Models\Facture.cs(25,33): warning CS8603: Existence possible d'un retour de référence null. [D:\C#\application-Livraison\application-Livraison.csproj]
D:\C#\application-Livraison\Models\Facture.cs(26,43): warning CS8603: Existence possible d'un retour de référence null. [D:\C#\application-Livraison\application-Livraison.csproj]
D:\C#\application-Livraison\Models\Facture.cs(27,34): warning CS8603: Existence possible d'un retour de référence null. [D:\C#\application-Livraison\application-Livraison.csproj]
D:\C#\application-Livraison\Models\Facture.cs(11,26): warning CS8618: Le propriété « Livraison » non-nullable doit contenir une valeur autre que Null lors de la fermeture du constructeur. Envisagez d’ajouter le modificateur « required » ou de déclarer le propriété comme pouvant accepter la valeur Null. [D:\C#\application-Livraison\application-Livraison.csproj]
D:\C#\application-Livraison\Controllers\NotificationController .cs(85,59): error CS1061: 'NotificationService' ne contient pas de définition pour 'SendAsync' et aucune méthode d'extension accessible 'SendAsync' acceptant un premier argument de type 'NotificationService' n'a été trouvée (une directive using ou une référence d'assembly est-elle manquante ?) [D:\C#\application-Livraison\application-Livraison.csproj]
D:\C#\application-Livraison\Controllers\LivraisonController.cs(101,76): error CS1503: Argument 1 : conversion impossible de 'application_Livraison.Models.User' en 'int' [D:\C#\application-Livraison\application-Livraison.csproj]
D:\C#\application-Livraison\Controllers\NotificationController .cs(106,28): error CS0019: Impossible d'appliquer l'opérateur '==' aux opérandes de type 'int' et 'string' [D:\C#\application-Livraison\application-Livraison.csproj]
D:\C#\application-Livraison\Controllers\NotificationController .cs(106,54): error CS0019: Impossible d'appliquer l'opérateur '==' aux opérandes de type 'int' et 'string' [D:\C#\application-Livraison\application-Livraison.csproj]
D:\C#\application-Livraison\Controllers\NotificationController .cs(105,29): warning CS8602: Déréférencement d'une éventuelle référence null. [D:\C#\application-Livraison\application-Livraison.csproj]
D:\C#\application-Livraison\Controllers\UserController.cs(173,49): warning CS8601: Existence possible d'une assignation de référence null. [D:\C#\application-Livraison\application-Livraison.csproj]
D:\C#\application-Livraison\Controllers\UserController.cs(174,51): warning CS8601: Existence possible d'une assignation de référence null. [D:\C#\application-Livraison\application-Livraison.csproj]
D:\C#\application-Livraison\Controllers\UserController.cs(175,50): warning CS8601: Existence possible d'une assignation de référence null. [D:\C#\application-Livraison\application-Livraison.csproj]
D:\C#\application-Livraison\Controllers\UserController.cs(195,50): warning CS8601: Existence possible d'une assignation de référence null. [D:\C#\application-Livraison\application-Livraison.csproj]
D:\C#\application-Livraison\Controllers\UserController.cs(196,52): warning CS8601: Existence possible d'une assignation de référence null. [D:\C#\application-Livraison\application-Livraison.csproj]
D:\C#\application-Livraison\Controllers\UserController.cs(197,51): warning CS8601: Existence possible d'une assignation de référence null. [D:\C#\application-Livraison\application-Livraison.csproj]
D:\C#\application-Livraison\Controllers\LivraisonController.cs(255,76): error CS1503: Argument 1 : conversion impossible de 'application_Livraison.Models.User' en 'int' [D:\C#\application-Livraison\application-Livraison.csproj]
D:\C#\application-Livraison\Controllers\LivraisonController.cs(278,36): warning CS8604: Existence possible d'un argument de référence null pour le paramètre 's' dans 'int int.Parse(string s)'. [D:\C#\application-Livraison\application-Livraison.csproj]
D:\C#\application-Livraison\Controllers\LivraisonController.cs(327,27): warning CS8618: Le propriété « Client » non-nullable doit contenir une valeur autre que Null lors de la fermeture du constructeur. Envisagez d’ajouter le modificateur « required » ou de déclarer le propriété comme pouvant accepter la valeur Null. [D:\C#\application-Livraison\application-Livraison.csproj]
D:\C#\application-Livraison\Controllers\LivraisonController.cs(328,27): warning CS8618: Le propriété « AdresseLivraison » non-nullable doit contenir une valeur autre que Null lors de la fermeture du constructeur. Envisagez d’ajouter le modificateur « required » ou de déclarer le propriété comme pouvant accepter la valeur Null. [D:\C#\application-Livraison\application-Livraison.csproj]
D:\C#\application-Livraison\Controllers\LivraisonController.cs(329,27): warning CS8618: Le propriété « Produit » non-nullable doit contenir une valeur autre que Null lors de la fermeture du constructeur. Envisagez d’ajouter le modificateur « required » ou de déclarer le propriété comme pouvant accepter la valeur Null. [D:\C#\application-Livraison\application-Livraison.csproj]
D:\C#\application-Livraison\Controllers\LivraisonController.cs(330,27): warning CS8618: Le propriété « Statut » non-nullable doit contenir une valeur autre que Null lors de la fermeture du constructeur. Envisagez d’ajouter le modificateur « required » ou de déclarer le propriété comme pouvant accepter la valeur Null. [D:\C#\application-Livraison\application-Livraison.csproj]
D:\C#\application-Livraison\Controllers\LivraisonController.cs(322,27): warning CS8618: Le propriété « Statut » non-nullable doit contenir une valeur autre que Null lors de la fermeture du constructeur. Envisagez d’ajouter le modificateur « required » ou de déclarer le propriété comme pouvant accepter la valeur Null. [D:\C#\application-Livraison\application-Livraison.csproj]
D:\C#\application-Livraison\Controllers\FactureController.cs(17,24): warning CS0169: Le champ 'FactureController.facture' n'est jamais utilisé [D:\C#\application-Livraison\application-Livraison.csproj]

ÉCHEC de la build.

D:\C#\application-Livraison\Migrations\20250513140250_notif.cs(8,26): warning CS8981: Le nom de type 'notif' contient uniquement des caractères ascii en minuscules. De tels noms peuvent devenir réservés pour la langue. [D:\C#\application-Livraison\application-Livraison.csproj]
D:\C#\application-Livraison\Migrations\20250513140250_notif.Designer.cs(16,19): warning CS8981: Le nom de type 'notif' contient uniquement des caractères ascii en minuscules. De tels noms peuvent devenir réservés pour la langue. [D:\C#\application-Livraison\application-Livraison.csproj]
D:\C#\application-Livraison\CustomAssemblyLoadContext.cs(19,16): warning CS8603: Existence possible d'un retour de référence null. [D:\C#\application-Livraison\application-Livraison.csproj]
D:\C#\application-Livraison\Models\Notification.cs(16,17): warning CS8618: Le propriété « Chauffeur » non-nullable doit contenir une valeur autre que Null lors de la fermeture du constructeur. Envisagez d’ajouter le modificateur « required » ou de déclarer le propriété comme pouvant accepter la valeur Null. [D:\C#\application-Livraison\application-Livraison.csproj]
D:\C#\application-Livraison\Controllers\UserController.cs(229,23): warning CS8618: Le propriété « Nom » non-nullable doit contenir une valeur autre que Null lors de la fermeture du constructeur. Envisagez d’ajouter le modificateur « required » ou de déclarer le propriété comme pouvant accepter la valeur Null. [D:\C#\application-Livraison\application-Livraison.csproj]
D:\C#\application-Livraison\Controllers\UserController.cs(230,23): warning CS8618: Le propriété « Email » non-nullable doit contenir une valeur autre que Null lors de la fermeture du constructeur. Envisagez d’ajouter le modificateur « required » ou de déclarer le propriété comme pouvant accepter la valeur Null. [D:\C#\application-Livraison\application-Livraison.csproj]
D:\C#\application-Livraison\Controllers\UserController.cs(231,23): warning CS8618: Le propriété « MotDePasse » non-nullable doit contenir une valeur autre que Null lors de la fermeture du constructeur. Envisagez d’ajouter le modificateur « required » ou de déclarer le propriété comme pouvant accepter la valeur Null. [D:\C#\application-Livraison\application-Livraison.csproj]
D:\C#\application-Livraison\Controllers\UserController.cs(233,23): warning CS8618: Le propriété « Role » non-nullable doit contenir une valeur autre que Null lors de la fermeture du constructeur. Envisagez d’ajouter le modificateur « required » ou de déclarer le propriété comme pouvant accepter la valeur Null. [D:\C#\application-Livraison\application-Livraison.csproj]
D:\C#\application-Livraison\Data\ApplicationDbContext.cs(8,16): warning CS8618: Le propriété « Users » non-nullable doit contenir une valeur autre que Null lors de la fermeture du constructeur. Envisagez d’ajouter le modificateur « required » ou de déclarer le propriété comme pouvant accepter la valeur Null. [D:\C#\application-Livraison\application-Livraison.csproj]
D:\C#\application-Livraison\Controllers\UserController.cs(32,50): warning CS8601: Existence possible d'une assignation de référence null. [D:\C#\application-Livraison\application-Livraison.csproj]
D:\C#\application-Livraison\Controllers\UserController.cs(33,52): warning CS8601: Existence possible d'une assignation de référence null. [D:\C#\application-Livraison\application-Livraison.csproj]
D:\C#\application-Livraison\Controllers\UserController.cs(34,51): warning CS8601: Existence possible d'une assignation de référence null. [D:\C#\application-Livraison\application-Livraison.csproj]
D:\C#\application-Livraison\Controllers\AuthController.cs(51,71): warning CS8604: Existence possible d'un argument de référence null pour le paramètre 's' dans 'byte[] Encoding.GetBytes(string s)'. [D:\C#\application-Livraison\application-Livraison.csproj]
D:\C#\application-Livraison\Controllers\FactureController.cs(19,16): warning CS8618: Le champ « facture » non-nullable doit contenir une valeur autre que Null lors de la fermeture du constructeur. Envisagez d’ajouter le modificateur « required » ou de déclarer le champ comme pouvant accepter la valeur Null. [D:\C#\application-Livraison\application-Livraison.csproj]
D:\C#\application-Livraison\Helpers\CustomAssemblyLoadContext.cs(20,20): warning CS8603: Existence possible d'un retour de référence null. [D:\C#\application-Livraison\application-Livraison.csproj]
D:\C#\application-Livraison\Controllers\UserController.cs(50,48): warning CS8601: Existence possible d'une assignation de référence null. [D:\C#\application-Livraison\application-Livraison.csproj]
D:\C#\application-Livraison\Controllers\UserController.cs(51,50): warning CS8601: Existence possible d'une assignation de référence null. [D:\C#\application-Livraison\application-Livraison.csproj]
D:\C#\application-Livraison\Controllers\UserController.cs(52,49): warning CS8601: Existence possible d'une assignation de référence null. [D:\C#\application-Livraison\application-Livraison.csproj]
D:\C#\application-Livraison\Program.cs(48,80): warning CS8604: Existence possible d'un argument de référence null pour le paramètre 's' dans 'byte[] Encoding.GetBytes(string s)'. [D:\C#\application-Livraison\application-Livraison.csproj]
D:\C#\application-Livraison\Models\User.cs(16,23): warning CS8618: Le propriété « MotDePasse » non-nullable doit contenir une valeur autre que Null lors de la fermeture du constructeur. Envisagez d’ajouter le modificateur « required » ou de déclarer le propriété comme pouvant accepter la valeur Null. [D:\C#\application-Livraison\application-Livraison.csproj]
D:\C#\application-Livraison\Models\Livraison.cs(7,23): warning CS8618: Le propriété « Client » non-nullable doit contenir une valeur autre que Null lors de la fermeture du constructeur. Envisagez d’ajouter le modificateur « required » ou de déclarer le propriété comme pouvant accepter la valeur Null. [D:\C#\application-Livraison\application-Livraison.csproj]
D:\C#\application-Livraison\Models\Livraison.cs(8,23): warning CS8618: Le propriété « AdresseLivraison » non-nullable doit contenir une valeur autre que Null lors de la fermeture du constructeur. Envisagez d’ajouter le modificateur « required » ou de déclarer le propriété comme pouvant accepter la valeur Null. [D:\C#\application-Livraison\application-Livraison.csproj]
D:\C#\application-Livraison\Models\Livraison.cs(9,23): warning CS8618: Le propriété « produit » non-nullable doit contenir une valeur autre que Null lors de la fermeture du constructeur. Envisagez d’ajouter le modificateur « required » ou de déclarer le propriété comme pouvant accepter la valeur Null. [D:\C#\application-Livraison\application-Livraison.csproj]
D:\C#\application-Livraison\Models\Livraison.cs(10,23): warning CS8618: Le propriété « Statut » non-nullable doit contenir une valeur autre que Null lors de la fermeture du constructeur. Envisagez d’ajouter le modificateur « required » ou de déclarer le propriété comme pouvant accepter la valeur Null. [D:\C#\application-Livraison\application-Livraison.csproj]
D:\C#\application-Livraison\Models\Livraison.cs(15,21): warning CS8618: Le propriété « Admin » non-nullable doit contenir une valeur autre que Null lors de la fermeture du constructeur. Envisagez d’ajouter le modificateur « required » ou de déclarer le propriété comme pouvant accepter la valeur Null. [D:\C#\application-Livraison\application-Livraison.csproj]
D:\C#\application-Livraison\Models\Livraison.cs(19,21): warning CS8618: Le propriété « Chauffeur » non-nullable doit contenir une valeur autre que Null lors de la fermeture du constructeur. Envisagez d’ajouter le modificateur « required » ou de déclarer le propriété comme pouvant accepter la valeur Null. [D:\C#\application-Livraison\application-Livraison.csproj]
D:\C#\application-Livraison\Models\Livraison.cs(22,27): warning CS8618: Le propriété « Itineraire » non-nullable doit contenir une valeur autre que Null lors de la fermeture du constructeur. Envisagez d’ajouter le modificateur « required » ou de déclarer le propriété comme pouvant accepter la valeur Null. [D:\C#\application-Livraison\application-Livraison.csproj]
D:\C#\application-Livraison\Models\Livraison.cs(23,24): warning CS8618: Le propriété « Facture » non-nullable doit contenir une valeur autre que Null lors de la fermeture du constructeur. Envisagez d’ajouter le modificateur « required » ou de déclarer le propriété comme pouvant accepter la valeur Null. [D:\C#\application-Livraison\application-Livraison.csproj]
D:\C#\application-Livraison\Models\Itineraire.cs(6,29): warning CS8618: Le propriété « PointsDePassage » non-nullable doit contenir une valeur autre que Null lors de la fermeture du constructeur. Envisagez d’ajouter le modificateur « required » ou de déclarer le propriété comme pouvant accepter la valeur Null. [D:\C#\application-Livraison\application-Livraison.csproj]
D:\C#\application-Livraison\Models\Itineraire.cs(13,26): warning CS8618: Le propriété « Livraison » non-nullable doit contenir une valeur autre que Null lors de la fermeture du constructeur. Envisagez d’ajouter le modificateur « required » ou de déclarer le propriété comme pouvant accepter la valeur Null. [D:\C#\application-Livraison\application-Livraison.csproj]
D:\C#\application-Livraison\Controllers\UserController.cs(85,23): warning CS8601: Existence possible d'une assignation de référence null. [D:\C#\application-Livraison\application-Livraison.csproj]
D:\C#\application-Livraison\Controllers\UserController.cs(86,25): warning CS8601: Existence possible d'une assignation de référence null. [D:\C#\application-Livraison\application-Livraison.csproj]
D:\C#\application-Livraison\Controllers\UserController.cs(89,24): warning CS8601: Existence possible d'une assignation de référence null. [D:\C#\application-Livraison\application-Livraison.csproj]
D:\C#\application-Livraison\Models\Facture.cs(25,33): warning CS8603: Existence possible d'un retour de référence null. [D:\C#\application-Livraison\application-Livraison.csproj]
D:\C#\application-Livraison\Models\Facture.cs(26,43): warning CS8603: Existence possible d'un retour de référence null. [D:\C#\application-Livraison\application-Livraison.csproj]
D:\C#\application-Livraison\Models\Facture.cs(27,34): warning CS8603: Existence possible d'un retour de référence null. [D:\C#\application-Livraison\application-Livraison.csproj]
D:\C#\application-Livraison\Models\Facture.cs(11,26): warning CS8618: Le propriété « Livraison » non-nullable doit contenir une valeur autre que Null lors de la fermeture du constructeur. Envisagez d’ajouter le modificateur « required » ou de déclarer le propriété comme pouvant accepter la valeur Null. [D:\C#\application-Livraison\application-Livraison.csproj]
D:\C#\application-Livraison\Controllers\NotificationController .cs(105,29): warning CS8602: Déréférencement d'une éventuelle référence null. [D:\C#\application-Livraison\application-Livraison.csproj]
D:\C#\application-Livraison\Controllers\UserController.cs(173,49): warning CS8601: Existence possible d'une assignation de référence null. [D:\C#\application-Livraison\application-Livraison.csproj]
D:\C#\application-Livraison\Controllers\UserController.cs(174,51): warning CS8601: Existence possible d'une assignation de référence null. [D:\C#\application-Livraison\application-Livraison.csproj]
D:\C#\application-Livraison\Controllers\UserController.cs(175,50): warning CS8601: Existence possible d'une assignation de référence null. [D:\C#\application-Livraison\application-Livraison.csproj]
D:\C#\application-Livraison\Controllers\UserController.cs(195,50): warning CS8601: Existence possible d'une assignation de référence null. [D:\C#\application-Livraison\application-Livraison.csproj]
D:\C#\application-Livraison\Controllers\UserController.cs(196,52): warning CS8601: Existence possible d'une assignation de référence null. [D:\C#\application-Livraison\application-Livraison.csproj]
D:\C#\application-Livraison\Controllers\UserController.cs(197,51): warning CS8601: Existence possible d'une assignation de référence null. [D:\C#\application-Livraison\application-Livraison.csproj]
D:\C#\application-Livraison\Controllers\LivraisonController.cs(278,36): warning CS8604: Existence possible d'un argument de référence null pour le paramètre 's' dans 'int int.Parse(string s)'. [D:\C#\application-Livraison\application-Livraison.csproj]
D:\C#\application-Livraison\Controllers\LivraisonController.cs(327,27): warning CS8618: Le propriété « Client » non-nullable doit contenir une valeur autre que Null lors de la fermeture du constructeur. Envisagez d’ajouter le modificateur « required » ou de déclarer le propriété comme pouvant accepter la valeur Null. [D:\C#\application-Livraison\application-Livraison.csproj]
D:\C#\application-Livraison\Controllers\LivraisonController.cs(328,27): warning CS8618: Le propriété « AdresseLivraison » non-nullable doit contenir une valeur autre que Null lors de la fermeture du constructeur. Envisagez d’ajouter le modificateur « required » ou de déclarer le propriété comme pouvant accepter la valeur Null. [D:\C#\application-Livraison\application-Livraison.csproj]
D:\C#\application-Livraison\Controllers\LivraisonController.cs(329,27): warning CS8618: Le propriété « Produit » non-nullable doit contenir une valeur autre que Null lors de la fermeture du constructeur. Envisagez d’ajouter le modificateur « required » ou de déclarer le propriété comme pouvant accepter la valeur Null. [D:\C#\application-Livraison\application-Livraison.csproj]
D:\C#\application-Livraison\Controllers\LivraisonController.cs(330,27): warning CS8618: Le propriété « Statut » non-nullable doit contenir une valeur autre que Null lors de la fermeture du constructeur. Envisagez d’ajouter le modificateur « required » ou de déclarer le propriété comme pouvant accepter la valeur Null. [D:\C#\application-Livraison\application-Livraison.csproj]
D:\C#\application-Livraison\Controllers\LivraisonController.cs(322,27): warning CS8618: Le propriété « Statut » non-nullable doit contenir une valeur autre que Null lors de la fermeture du constructeur. Envisagez d’ajouter le modificateur « required » ou de déclarer le propriété comme pouvant accepter la valeur Null. [D:\C#\application-Livraison\application-Livraison.csproj]
D:\C#\application-Livraison\Controllers\FactureController.cs(17,24): warning CS0169: Le champ 'FactureController.facture' n'est jamais utilisé [D:\C#\application-Livraison\application-Livraison.csproj]
D:\C#\application-Livraison\Controllers\NotificationController .cs(85,59): error CS1061: 'NotificationService' ne contient pas de définition pour 'SendAsync' et aucune méthode d'extension accessible 'SendAsync' acceptant un premier argument de type 'NotificationService' n'a été trouvée (une directive using ou une référence d'assembly est-elle manquante ?) [D:\C#\application-Livraison\application-Livraison.csproj]
D:\C#\application-Livraison\Controllers\LivraisonController.cs(101,76): error CS1503: Argument 1 : conversion impossible de 'application_Livraison.Models.User' en 'int' [D:\C#\application-Livraison\application-Livraison.csproj]
D:\C#\application-Livraison\Controllers\NotificationController .cs(106,28): error CS0019: Impossible d'appliquer l'opérateur '==' aux opérandes de type 'int' et 'string' [D:\C#\application-Livraison\application-Livraison.csproj]
D:\C#\application-Livraison\Controllers\NotificationController .cs(106,54): error CS0019: Impossible d'appliquer l'opérateur '==' aux opérandes de type 'int' et 'string' [D:\C#\application-Livraison\application-Livraison.csproj]
D:\C#\application-Livraison\Controllers\LivraisonController.cs(255,76): error CS1503: Argument 1 : conversion impossible de 'application_Livraison.Models.User' en 'int' [D:\C#\application-Livraison\application-Livraison.csproj]
    51 Avertissement(s)
    5 Erreur(s)

Temps écoulé 00:00:07.51

Des mises à jour de la charge de travail sont disponibles. Exécutez `dotnet workload list` pour plus d’informations.
